// Jest Snapshot v1, https://goo.gl/fbAQLP

exports[`<MovieForm /> should render correctly 1`] = `
<Form
  as="form"
  onSubmit={[Function]}
>
  <FormGroup>
    <FormField
      width={4}
    >
      <label
        htmlFor="title"
      >
        Title
      </label>
      <input
        id="title"
        name="title"
        onChange={[Function]}
        placeholder="Mean Girls"
        type="text"
        value=""
      />
    </FormField>
    <FormField
      width={2}
    >
      <label
        htmlFor="releaseDate"
      >
        Release Date
      </label>
      <input
        id="releaseDate"
        maxLength={4}
        name="releaseDate"
        onChange={[Function]}
        placeholder="2018"
        type="text"
        value=""
      />
    </FormField>
    <FormField
      width={2}
    >
      <label
        htmlFor="runTime"
      >
        Run Time(mins)
      </label>
      <input
        id="runTime"
        maxLength={3}
        name="runTime"
        onChange={[Function]}
        placeholder="120"
        type="text"
      />
    </FormField>
  </FormGroup>
  <FormGroup
    inline={true}
  >
    <label>
      Type
    </label>
    <FormRadio
      as={[Function]}
      checked={false}
      control={[Function]}
      label="Movie"
      name="type"
      onChange={[Function]}
      value="movie"
    />
    <FormRadio
      as={[Function]}
      checked={false}
      control={[Function]}
      label="TV"
      name="type"
      onChange={[Function]}
      value="tv"
    />
  </FormGroup>
  <FormGroup
    inline={true}
  >
    <label
      htmlFor="rating"
    >
      Your rating
    </label>
    <Rating
      clearable="auto"
      defaultRating={1}
      icon="star"
      id="rating"
      maxRating={5}
      name="rating"
      onRate={[Function]}
    />
  </FormGroup>
  <FormGroup>
    <FormField
      width={2}
    >
      <label
        htmlFor="genre"
      >
        Genre
      </label>
      <input
        id="genre"
        name="genre"
        onChange={[Function]}
        placeholder="Action"
        type="text"
        value=""
      />
    </FormField>
    <FormField
      width={4}
    >
      <label
        htmlFor="director"
      >
        Director
      </label>
      <input
        id="director"
        name="director"
        onChange={[Function]}
        placeholder="Some Director"
        type="text"
        value=""
      />
    </FormField>
    <FormField
      width={4}
    >
      <label
        htmlFor="producers"
      >
        Producers
      </label>
      <input
        id="producers"
        name="producers"
        onChange={[Function]}
        placeholder="Some producer"
        type="text"
        value=""
      />
    </FormField>
  </FormGroup>
  <FormField
    width={8}
  >
    <label
      htmlFor="plot"
    >
      Plot
    </label>
    <textarea
      cols="30"
      id="plot"
      name="plot"
      onChange={[Function]}
      rows="10"
      value=""
    />
  </FormField>
  <FormGroup>
    <FormField
      width={2}
    >
      <label
        htmlFor="language"
      >
        Language
      </label>
      <select
        id="language"
        name="language"
        onChange={[Function]}
        value=""
      >
        <option
          value="english"
        >
          English
        </option>
        <option
          value="spanish"
        >
          Spanish
        </option>
        <option
          value="french"
        >
          French
        </option>
        <option
          value="chinese"
        >
          Chinese
        </option>
      </select>
    </FormField>
    <FormField
      width={2}
    >
      <label
        htmlFor="movieRating"
      >
        Rating
      </label>
      <select
        id="movieRating"
        name="movieRating"
        onChange={[Function]}
        value=""
      >
        <option
          value="g"
        >
          G
        </option>
        <option
          value="pg"
        >
          PG
        </option>
        <option
          value="pg-13"
        >
          PG-13
        </option>
        <option
          value="r"
        >
          R
        </option>
      </select>
    </FormField>
  </FormGroup>
  <ImageUpload
    imgFile={[Function]}
  />
  <Button
    as="button"
    primary={true}
  >
    Add Movie
  </Button>
</Form>
`;
